#
# There is insufficient memory for the Java Runtime Environment to continue.
# Native memory allocation (malloc) failed to allocate 32744 bytes for ChunkPool::allocate
# Possible reasons:
#   The system is out of physical RAM or swap space
#   In 32 bit mode, the process size limit was hit
# Possible solutions:
#   Reduce memory load on the system
#   Increase physical memory or swap space
#   Check if swap backing store is full
#   Use 64 bit Java on a 64 bit OS
#   Decrease Java heap size (-Xmx/-Xms)
#   Decrease number of Java threads
#   Decrease Java thread stack sizes (-Xss)
#   Set larger code cache with -XX:ReservedCodeCacheSize=
# This output file may be truncated or incomplete.
#
#  Out of Memory Error (allocation.cpp:273), pid=17748, tid=0x0000000000000568
#
# JRE version: Java(TM) SE Runtime Environment (8.0_172-b11) (build 1.8.0_172-b11)
# Java VM: Java HotSpot(TM) 64-Bit Server VM (25.172-b11 mixed mode windows-amd64 compressed oops)
# Failed to write core dump. Minidumps are not enabled by default on client versions of Windows
#

---------------  T H R E A D  ---------------

Current thread (0x00000000165a0800):  JavaThread "C1 CompilerThread3" daemon [_thread_in_native, id=1384, stack(0x0000000017d80000,0x0000000017e80000)]

Stack: [0x0000000017d80000,0x0000000017e80000]
[error occurred during error reporting (printing stack bounds), id 0xc0000005]

Native frames: (J=compiled Java code, j=interpreted, Vv=VM code, C=native code)


Current CompileTask:
C1: 153267 11916       3       sun.security.ssl.SSLAlgorithmDecomposer::decomposes (247 bytes)


---------------  P R O C E S S  ---------------

Java Threads: ( => current thread )
  0x0000000018153000 JavaThread "Unconstrained build operations Thread 38" [_thread_blocked, id=1088, stack(0x0000000025730000,0x0000000025830000)]
  0x000000001814b800 JavaThread "Unconstrained build operations Thread 37" [_thread_blocked, id=3044, stack(0x0000000025630000,0x0000000025730000)]
  0x0000000018151800 JavaThread "Unconstrained build operations Thread 36" [_thread_blocked, id=17512, stack(0x0000000025530000,0x0000000025630000)]
  0x0000000018150000 JavaThread "Unconstrained build operations Thread 35" [_thread_blocked, id=8944, stack(0x0000000025430000,0x0000000025530000)]
  0x000000001814f800 JavaThread "Unconstrained build operations Thread 34" [_thread_blocked, id=17844, stack(0x0000000024f30000,0x0000000025030000)]
  0x0000000018151000 JavaThread "Unconstrained build operations Thread 33" [_thread_blocked, id=4908, stack(0x0000000024e30000,0x0000000024f30000)]
  0x000000001814e800 JavaThread "Unconstrained build operations Thread 32" [_thread_blocked, id=17276, stack(0x0000000024d30000,0x0000000024e30000)]
  0x000000001814e000 JavaThread "Unconstrained build operations Thread 31" [_thread_blocked, id=13412, stack(0x0000000024c30000,0x0000000024d30000)]
  0x0000000018152800 JavaThread "Unconstrained build operations Thread 30" [_thread_blocked, id=8532, stack(0x0000000024b30000,0x0000000024c30000)]
  0x000000001814c800 JavaThread "Unconstrained build operations Thread 29" [_thread_blocked, id=13844, stack(0x0000000024a30000,0x0000000024b30000)]
  0x000000001814b000 JavaThread "Unconstrained build operations Thread 28" [_thread_blocked, id=8888, stack(0x0000000024930000,0x0000000024a30000)]
  0x0000000018149800 JavaThread "Unconstrained build operations Thread 27" [_thread_blocked, id=2136, stack(0x0000000024830000,0x0000000024930000)]
  0x000000001814a000 JavaThread "Unconstrained build operations Thread 26" [_thread_blocked, id=14312, stack(0x0000000024730000,0x0000000024830000)]
  0x000000001c139800 JavaThread "Unconstrained build operations Thread 25" [_thread_blocked, id=15176, stack(0x0000000024630000,0x0000000024730000)]
  0x000000001c137800 JavaThread "Unconstrained build operations Thread 24" [_thread_blocked, id=17852, stack(0x0000000024530000,0x0000000024630000)]
  0x000000001c135000 JavaThread "Unconstrained build operations Thread 23" [_thread_blocked, id=7604, stack(0x0000000024430000,0x0000000024530000)]
  0x000000001c13b000 JavaThread "Unconstrained build operations Thread 22" [_thread_blocked, id=16408, stack(0x0000000024330000,0x0000000024430000)]
  0x000000001c13a800 JavaThread "Unconstrained build operations Thread 21" [_thread_blocked, id=8900, stack(0x0000000024230000,0x0000000024330000)]
  0x000000001c134800 JavaThread "Unconstrained build operations Thread 20" [_thread_blocked, id=19516, stack(0x0000000024130000,0x0000000024230000)]
  0x000000001c132000 JavaThread "Unconstrained build operations Thread 19" [_thread_blocked, id=4300, stack(0x0000000024030000,0x0000000024130000)]
  0x000000001c138000 JavaThread "Unconstrained build operations Thread 18" [_thread_blocked, id=3564, stack(0x0000000023f30000,0x0000000024030000)]
  0x000000001c133800 JavaThread "Unconstrained build operations Thread 17" [_thread_blocked, id=13956, stack(0x0000000023e30000,0x0000000023f30000)]
  0x000000001c136800 JavaThread "Unconstrained build operations Thread 16" [_thread_blocked, id=17544, stack(0x0000000023d30000,0x0000000023e30000)]
  0x000000001c136000 JavaThread "Unconstrained build operations Thread 15" [_thread_blocked, id=19936, stack(0x0000000023c30000,0x0000000023d30000)]
  0x000000001c133000 JavaThread "Unconstrained build operations Thread 14" [_thread_blocked, id=10496, stack(0x0000000023b30000,0x0000000023c30000)]
  0x000000001c139000 JavaThread "Unconstrained build operations Thread 13" [_thread_blocked, id=5992, stack(0x0000000023a30000,0x0000000023b30000)]
  0x000000001c12a800 JavaThread "Unconstrained build operations Thread 12" [_thread_blocked, id=20192, stack(0x00000000236f0000,0x00000000237f0000)]
  0x000000001c131000 JavaThread "Unconstrained build operations Thread 11" [_thread_blocked, id=11524, stack(0x00000000235f0000,0x00000000236f0000)]
  0x000000001c130800 JavaThread "Unconstrained build operations Thread 10" [_thread_blocked, id=5952, stack(0x00000000234f0000,0x00000000235f0000)]
  0x000000001c12f000 JavaThread "Unconstrained build operations Thread 9" [_thread_blocked, id=12348, stack(0x00000000233f0000,0x00000000234f0000)]
  0x000000001c12c800 JavaThread "Unconstrained build operations Thread 8" [_thread_blocked, id=9288, stack(0x00000000232f0000,0x00000000233f0000)]
  0x000000001c12c000 JavaThread "Unconstrained build operations Thread 7" [_thread_blocked, id=9696, stack(0x00000000231f0000,0x00000000232f0000)]
  0x000000001c12f800 JavaThread "Unconstrained build operations Thread 6" [_thread_blocked, id=20276, stack(0x00000000230f0000,0x00000000231f0000)]
  0x000000001c12d800 JavaThread "Unconstrained build operations Thread 5" [_thread_blocked, id=17316, stack(0x0000000022ff0000,0x00000000230f0000)]
  0x000000001c12b000 JavaThread "Unconstrained build operations Thread 4" [_thread_blocked, id=19972, stack(0x0000000022ef0000,0x0000000022ff0000)]
  0x000000001c129000 JavaThread "Unconstrained build operations Thread 3" [_thread_blocked, id=15480, stack(0x0000000022df0000,0x0000000022ef0000)]
  0x000000001c123000 JavaThread "Unconstrained build operations Thread 2" [_thread_blocked, id=1468, stack(0x0000000021310000,0x0000000021410000)]
  0x000000001c127800 JavaThread "Unconstrained build operations" [_thread_blocked, id=18160, stack(0x0000000020c30000,0x0000000020d30000)]
  0x000000001c128000 JavaThread "Cache worker for cache directory md-rule (C:\Users\MECHREVO\.gradle\caches\8.13\md-rule)" [_thread_blocked, id=14288, stack(0x0000000020130000,0x0000000020230000)]
  0x000000001c129800 JavaThread "Cache worker for cache directory md-supplier (C:\Users\MECHREVO\.gradle\caches\8.13\md-supplier)" [_thread_blocked, id=17736, stack(0x0000000020030000,0x0000000020130000)]
  0x000000001c120000 JavaThread "Cache worker for checksums cache (D:\MCHR\MCH-Reforged\.gradle\8.13\checksums)" [_thread_blocked, id=9404, stack(0x000000001fb30000,0x000000001fc30000)]
  0x000000001c126800 JavaThread "Cache worker for Build Output Cleanup Cache (D:\MCHR\MCH-Reforged\.gradle\buildOutputCleanup)" [_thread_blocked, id=7392, stack(0x000000001ccd0000,0x000000001cdd0000)]
  0x000000001c11f000 JavaThread "Cache worker for file hash cache (D:\MCHR\MCH-Reforged\.gradle\8.13\fileHashes)" [_thread_blocked, id=19748, stack(0x000000001b7f0000,0x000000001b8f0000)]
  0x000000001c126000 JavaThread "Problems report writer" [_thread_blocked, id=15984, stack(0x000000001b6f0000,0x000000001b7f0000)]
  0x000000001c11e800 JavaThread "Daemon client event forwarder" [_thread_blocked, id=13920, stack(0x000000001b5f0000,0x000000001b6f0000)]
  0x000000001c125000 JavaThread "Stdin handler" [_thread_blocked, id=10300, stack(0x000000001b4f0000,0x000000001b5f0000)]
  0x000000001c11d000 JavaThread "Asynchronous log dispatcher for DefaultDaemonConnection: socket connection from /127.0.0.1:63494 to /127.0.0.1:63591" [_thread_blocked, id=17216, stack(0x000000001b3f0000,0x000000001b4f0000)]
  0x000000001c120800 JavaThread "Daemon worker Thread 2" [_thread_in_vm, id=15540, stack(0x000000001b2f0000,0x000000001b3f0000)]
  0x000000001c11c000 JavaThread "Cancel handler" [_thread_blocked, id=11984, stack(0x000000001b1f0000,0x000000001b2f0000)]
  0x000000001c11d800 JavaThread "Handler for socket connection from /127.0.0.1:63494 to /127.0.0.1:63591" [_thread_in_native, id=13676, stack(0x0000000000df0000,0x0000000000ef0000)]
  0x000000001c121800 JavaThread "Daemon Thread 2" [_thread_blocked, id=2952, stack(0x0000000000cf0000,0x0000000000df0000)]
  0x000000001c124800 JavaThread "JGit-WorkQueue" daemon [_thread_blocked, id=16400, stack(0x0000000000b80000,0x0000000000c80000)]
  0x0000000029495800 JavaThread "Cache worker for Java compile cache (C:\Users\MECHREVO\.gradle\caches\8.13\javaCompile)" [_thread_blocked, id=14076, stack(0x000000002ae20000,0x000000002af20000)]
  0x000000001dd22000 JavaThread "jar transforms Thread 4" [_thread_blocked, id=3112, stack(0x0000000027bc0000,0x0000000027cc0000)]
  0x000000001dd1a000 JavaThread "jar transforms Thread 3" [_thread_blocked, id=3460, stack(0x0000000027ac0000,0x0000000027bc0000)]
  0x000000001dd20800 JavaThread "jar transforms Thread 2" [_thread_blocked, id=14556, stack(0x00000000279c0000,0x0000000027ac0000)]
  0x000000001dd19000 JavaThread "jar transforms" [_thread_blocked, id=10312, stack(0x0000000027060000,0x0000000027160000)]
  0x000000001dd17800 JavaThread "Memory manager" [_thread_blocked, id=17816, stack(0x0000000026a30000,0x0000000026b30000)]
  0x000000001c0d0800 JavaThread "Cache worker for file content cache (C:\Users\MECHREVO\.gradle\caches\8.13\fileContent)" [_thread_blocked, id=15940, stack(0x0000000020d30000,0x0000000020e30000)]
  0x000000001c0c4800 JavaThread "File watcher consumer" daemon [_thread_blocked, id=19612, stack(0x0000000020730000,0x0000000020830000)]
  0x000000001c0c7800 JavaThread "File watcher server" daemon [_thread_in_Java, id=10804, stack(0x0000000020630000,0x0000000020730000)]
  0x000000001c0c5000 JavaThread "Cache worker for file hash cache (C:\Users\MECHREVO\.gradle\caches\8.13\fileHashes)" [_thread_blocked, id=5216, stack(0x000000001f3b0000,0x000000001f4b0000)]
  0x000000001c0c6000 JavaThread "File lock request listener" [_thread_in_native, id=16024, stack(0x000000001cf50000,0x000000001d050000)]
  0x000000001a105000 JavaThread "Cache worker for journal cache (C:\Users\MECHREVO\.gradle\caches\journal-1)" [_thread_blocked, id=14868, stack(0x000000001e040000,0x000000001e140000)]
  0x000000001a148000 JavaThread "Daemon periodic checks" [_thread_blocked, id=14096, stack(0x000000001b0f0000,0x000000001b1f0000)]
  0x000000001a0b2800 JavaThread "Incoming local TCP Connector on port 63494" [_thread_in_native, id=6904, stack(0x000000001aef0000,0x000000001aff0000)]
  0x0000000019f9b000 JavaThread "Daemon health stats" [_thread_blocked, id=14048, stack(0x0000000019900000,0x0000000019a00000)]
  0x000000001662e000 JavaThread "Service Thread" daemon [_thread_blocked, id=15720, stack(0x0000000017e80000,0x0000000017f80000)]
=>0x00000000165a0800 JavaThread "C1 CompilerThread3" daemon [_thread_in_native, id=1384, stack(0x0000000017d80000,0x0000000017e80000)]
  0x000000001659f800 JavaThread "C2 CompilerThread2" daemon [_thread_blocked, id=7840, stack(0x0000000017c80000,0x0000000017d80000)]
  0x0000000016563800 JavaThread "C2 CompilerThread1" daemon [_thread_in_native, id=16616, stack(0x0000000017b80000,0x0000000017c80000)]
  0x0000000016562000 JavaThread "C2 CompilerThread0" daemon [_thread_in_native, id=3532, stack(0x0000000017a80000,0x0000000017b80000)]
  0x000000001652b800 JavaThread "Attach Listener" daemon [_thread_blocked, id=16144, stack(0x0000000017980000,0x0000000017a80000)]
  0x000000001652b000 JavaThread "Signal Dispatcher" daemon [_thread_blocked, id=16440, stack(0x0000000017880000,0x0000000017980000)]
  0x00000000164b3800 JavaThread "Finalizer" daemon [_thread_blocked, id=12912, stack(0x0000000017720000,0x0000000017820000)]
  0x0000000014deb800 JavaThread "Reference Handler" daemon [_thread_blocked, id=14708, stack(0x0000000017620000,0x0000000017720000)]
  0x0000000003333800 JavaThread "main" [_thread_blocked, id=10984, stack(0x0000000002ff0000,0x00000000030f0000)]

Other Threads:
  0x000000000342b800 VMThread [stack: 0x0000000017520000,0x0000000017620000] [id=16668]
  0x0000000016651000 WatcherThread [stack: 0x0000000018030000,0x0000000018130000] [id=17084]

VM state:not at safepoint (normal execution)

VM Mutex/Monitor currently owned by a thread: None

Heap:
 PSYoungGen      total 131072K, used 129951K [0x00000000f5580000, 0x0000000100000000, 0x0000000100000000)
  eden space 108032K, 98% used [0x00000000f5580000,0x00000000fbded3b8,0x00000000fbf00000)
  from space 23040K, 99% used [0x00000000fe980000,0x00000000ffffa8f8,0x0000000100000000)
  to   space 33280K, 0% used [0x00000000fbf00000,0x00000000fbf00000,0x00000000fdf80000)
 ParOldGen       total 222720K, used 64000K [0x00000000e0000000, 0x00000000ed980000, 0x00000000f5580000)
  object space 222720K, 28% used [0x00000000e0000000,0x00000000e3e80388,0x00000000ed980000)
 Metaspace       used 84610K, capacity 93543K, committed 93616K, reserved 1130496K
  class space    used 11875K, capacity 13222K, committed 13232K, reserved 1048576K

Card table byte_map: [0x00000000127f0000,0x0000000012900000] byte_map_base: 0x00000000120f0000

Marking Bits: (ParMarkBitMap*) 0x00000000655e3c10
 Begin Bits: [0x0000000013300000, 0x0000000013b00000)
 End Bits:   [0x0000000013b00000, 0x0000000014300000)

Polling page: 0x0000000002c30000

CodeCache: size=245760Kb used=30587Kb max_used=30752Kb free=215172Kb
 bounds [0x0000000003430000, 0x0000000005260000, 0x0000000012430000]
 total_blobs=10560 nmethods=9686 adapters=783
 compilation: enabled

Compilation events (10 events):
Event: 153.156 Thread 0x000000001659f800 nmethod 11910 0x0000000003a06290 code [0x0000000003a063c0, 0x0000000003a06558]
Event: 153.167 Thread 0x00000000165a0800 11911       1       org.gradle.internal.resource.ExternalResourceName::getPath (5 bytes)
Event: 153.167 Thread 0x00000000165a0800 nmethod 11911 0x0000000003648910 code [0x0000000003648a60, 0x0000000003648b70]
Event: 153.168 Thread 0x00000000165a0800 11912       3       java.util.TreeMap::containsKey (14 bytes)
Event: 153.168 Thread 0x00000000165a0800 nmethod 11912 0x00000000039d0990 code [0x00000000039d0b00, 0x00000000039d0d68]
Event: 153.169 Thread 0x00000000165a0800 11913       3       java.util.concurrent.TimeUnit$3::toMillis (2 bytes)
Event: 153.169 Thread 0x00000000165a0800 nmethod 11913 0x0000000003b28650 code [0x0000000003b287a0, 0x0000000003b288f0]
Event: 153.261 Thread 0x0000000016563800 11914       4       java.util.regex.Pattern$CharProperty::match (56 bytes)
Event: 153.262 Thread 0x0000000016562000 11915       4       sun.security.util.AbstractAlgorithmConstraints::checkAlgorithm (138 bytes)
Event: 153.262 Thread 0x00000000165a0800 11916       3       sun.security.ssl.SSLAlgorithmDecomposer::decomposes (247 bytes)

GC Heap History (10 events):
Event: 10.654 GC heap before
{Heap before GC invocations=21 (full 3):
 PSYoungGen      total 146944K, used 146554K [0x00000000f5580000, 0x0000000100000000, 0x0000000100000000)
  eden space 131584K, 100% used [0x00000000f5580000,0x00000000fd600000,0x00000000fd600000)
  from space 15360K, 97% used [0x00000000fd600000,0x00000000fe49e8a8,0x00000000fe500000)
  to   space 22016K, 0% used [0x00000000fea80000,0x00000000fea80000,0x0000000100000000)
 ParOldGen       total 222720K, used 31009K [0x00000000e0000000, 0x00000000ed980000, 0x00000000f5580000)
  object space 222720K, 13% used [0x00000000e0000000,0x00000000e1e48730,0x00000000ed980000)
 Metaspace       used 72759K, capacity 79511K, committed 79664K, reserved 1118208K
  class space    used 10237K, capacity 11294K, committed 11312K, reserved 1048576K
Event: 10.668 GC heap after
Heap after GC invocations=21 (full 3):
 PSYoungGen      total 153088K, used 11578K [0x00000000f5580000, 0x0000000100000000, 0x0000000100000000)
  eden space 131072K, 0% used [0x00000000f5580000,0x00000000f5580000,0x00000000fd580000)
  from space 22016K, 52% used [0x00000000fea80000,0x00000000ff5ce9e8,0x0000000100000000)
  to   space 21504K, 0% used [0x00000000fd580000,0x00000000fd580000,0x00000000fea80000)
 ParOldGen       total 222720K, used 41854K [0x00000000e0000000, 0x00000000ed980000, 0x00000000f5580000)
  object space 222720K, 18% used [0x00000000e0000000,0x00000000e28df918,0x00000000ed980000)
 Metaspace       used 72759K, capacity 79511K, committed 79664K, reserved 1118208K
  class space    used 10237K, capacity 11294K, committed 11312K, reserved 1048576K
}
Event: 19.114 GC heap before
{Heap before GC invocations=22 (full 3):
 PSYoungGen      total 153088K, used 142650K [0x00000000f5580000, 0x0000000100000000, 0x0000000100000000)
  eden space 131072K, 100% used [0x00000000f5580000,0x00000000fd580000,0x00000000fd580000)
  from space 22016K, 52% used [0x00000000fea80000,0x00000000ff5ce9e8,0x0000000100000000)
  to   space 21504K, 0% used [0x00000000fd580000,0x00000000fd580000,0x00000000fea80000)
 ParOldGen       total 222720K, used 41854K [0x00000000e0000000, 0x00000000ed980000, 0x00000000f5580000)
  object space 222720K, 18% used [0x00000000e0000000,0x00000000e28df918,0x00000000ed980000)
 Metaspace       used 79135K, capacity 86997K, committed 87088K, reserved 1124352K
  class space    used 11152K, capacity 12307K, committed 12336K, reserved 1048576K
Event: 19.127 GC heap after
Heap after GC invocations=22 (full 3):
 PSYoungGen      total 142336K, used 10974K [0x00000000f5580000, 0x00000000ffd80000, 0x0000000100000000)
  eden space 131072K, 0% used [0x00000000f5580000,0x00000000f5580000,0x00000000fd580000)
  from space 11264K, 97% used [0x00000000fd580000,0x00000000fe0378e0,0x00000000fe080000)
  to   space 20480K, 0% used [0x00000000fe980000,0x00000000fe980000,0x00000000ffd80000)
 ParOldGen       total 222720K, used 47666K [0x00000000e0000000, 0x00000000ed980000, 0x00000000f5580000)
  object space 222720K, 21% used [0x00000000e0000000,0x00000000e2e8c988,0x00000000ed980000)
 Metaspace       used 79135K, capacity 86997K, committed 87088K, reserved 1124352K
  class space    used 11152K, capacity 12307K, committed 12336K, reserved 1048576K
}
Event: 22.628 GC heap before
{Heap before GC invocations=23 (full 3):
 PSYoungGen      total 142336K, used 142046K [0x00000000f5580000, 0x00000000ffd80000, 0x0000000100000000)
  eden space 131072K, 100% used [0x00000000f5580000,0x00000000fd580000,0x00000000fd580000)
  from space 11264K, 97% used [0x00000000fd580000,0x00000000fe0378e0,0x00000000fe080000)
  to   space 20480K, 0% used [0x00000000fe980000,0x00000000fe980000,0x00000000ffd80000)
 ParOldGen       total 222720K, used 47666K [0x00000000e0000000, 0x00000000ed980000, 0x00000000f5580000)
  object space 222720K, 21% used [0x00000000e0000000,0x00000000e2e8c988,0x00000000ed980000)
 Metaspace       used 81399K, capacity 89631K, committed 89776K, reserved 1126400K
  class space    used 11466K, capacity 12718K, committed 12720K, reserved 1048576K
Event: 22.646 GC heap after
Heap after GC invocations=23 (full 3):
 PSYoungGen      total 150016K, used 18340K [0x00000000f5580000, 0x0000000100000000, 0x0000000100000000)
  eden space 129536K, 0% used [0x00000000f5580000,0x00000000f5580000,0x00000000fd400000)
  from space 20480K, 89% used [0x00000000fe980000,0x00000000ffb69308,0x00000000ffd80000)
  to   space 22016K, 0% used [0x00000000fd400000,0x00000000fd400000,0x00000000fe980000)
 ParOldGen       total 222720K, used 47674K [0x00000000e0000000, 0x00000000ed980000, 0x00000000f5580000)
  object space 222720K, 21% used [0x00000000e0000000,0x00000000e2e8e988,0x00000000ed980000)
 Metaspace       used 81399K, capacity 89631K, committed 89776K, reserved 1126400K
  class space    used 11466K, capacity 12718K, committed 12720K, reserved 1048576K
}
Event: 25.596 GC heap before
{Heap before GC invocations=24 (full 3):
 PSYoungGen      total 150016K, used 147876K [0x00000000f5580000, 0x0000000100000000, 0x0000000100000000)
  eden space 129536K, 100% used [0x00000000f5580000,0x00000000fd400000,0x00000000fd400000)
  from space 20480K, 89% used [0x00000000fe980000,0x00000000ffb69308,0x00000000ffd80000)
  to   space 22016K, 0% used [0x00000000fd400000,0x00000000fd400000,0x00000000fe980000)
 ParOldGen       total 222720K, used 47674K [0x00000000e0000000, 0x00000000ed980000, 0x00000000f5580000)
  object space 222720K, 21% used [0x00000000e0000000,0x00000000e2e8e988,0x00000000ed980000)
 Metaspace       used 83118K, capacity 91659K, committed 91952K, reserved 1128448K
  class space    used 11720K, capacity 13030K, committed 13104K, reserved 1048576K
Event: 25.616 GC heap after
Heap after GC invocations=24 (full 3):
 PSYoungGen      total 151552K, used 21994K [0x00000000f5580000, 0x0000000100000000, 0x0000000100000000)
  eden space 129536K, 0% used [0x00000000f5580000,0x00000000f5580000,0x00000000fd400000)
  from space 22016K, 99% used [0x00000000fd400000,0x00000000fe97a810,0x00000000fe980000)
  to   space 23040K, 0% used [0x00000000fe980000,0x00000000fe980000,0x0000000100000000)
 ParOldGen       total 222720K, used 50499K [0x00000000e0000000, 0x00000000ed980000, 0x00000000f5580000)
  object space 222720K, 22% used [0x00000000e0000000,0x00000000e3150e40,0x00000000ed980000)
 Metaspace       used 83118K, capacity 91659K, committed 91952K, reserved 1128448K
  class space    used 11720K, capacity 13030K, committed 13104K, reserved 1048576K
}
Event: 41.690 GC heap before
{Heap before GC invocations=25 (full 3):
 PSYoungGen      total 151552K, used 151530K [0x00000000f5580000, 0x0000000100000000, 0x0000000100000000)
  eden space 129536K, 100% used [0x00000000f5580000,0x00000000fd400000,0x00000000fd400000)
  from space 22016K, 99% used [0x00000000fd400000,0x00000000fe97a810,0x00000000fe980000)
  to   space 23040K, 0% used [0x00000000fe980000,0x00000000fe980000,0x0000000100000000)
 ParOldGen       total 222720K, used 50499K [0x00000000e0000000, 0x00000000ed980000, 0x00000000f5580000)
  object space 222720K, 22% used [0x00000000e0000000,0x00000000e3150e40,0x00000000ed980000)
 Metaspace       used 83979K, capacity 92815K, committed 93104K, reserved 1128448K
  class space    used 11836K, capacity 13154K, committed 13232K, reserved 1048576K
Event: 41.709 GC heap after
Heap after GC invocations=25 (full 3):
 PSYoungGen      total 131072K, used 23018K [0x00000000f5580000, 0x0000000100000000, 0x0000000100000000)
  eden space 108032K, 0% used [0x00000000f5580000,0x00000000f5580000,0x00000000fbf00000)
  from space 23040K, 99% used [0x00000000fe980000,0x00000000ffffa8f8,0x0000000100000000)
  to   space 33280K, 0% used [0x00000000fbf00000,0x00000000fbf00000,0x00000000fdf80000)
 ParOldGen       total 222720K, used 64000K [0x00000000e0000000, 0x00000000ed980000, 0x00000000f5580000)
  object space 222720K, 28% used [0x00000000e0000000,0x00000000e3e80388,0x00000000ed980000)
 Metaspace       used 83979K, capacity 92815K, committed 93104K, reserved 1128448K
  class space    used 11836K, capacity 13154K, committed 13232K, reserved 1048576K
}

Deoptimization events (10 events):
Event: 149.640 Thread 0x000000001c120800 Uncommon trap: reason=class_check action=maybe_recompile pc=0x0000000004448dcc method=com.google.common.collect.AbstractMapBasedMultimap$AsMap$AsMapIterator.hasNext()Z @ 4
Event: 150.197 Thread 0x000000001c120800 Uncommon trap: reason=bimorphic action=maybe_recompile pc=0x000000000365e290 method=org.gradle.internal.snapshot.DirectorySnapshot.accept(Lorg/gradle/internal/snapshot/FileSystemSnapshotHierarchyVisitor;)Lorg/gradle/internal/snapshot/SnapshotVisitResult; 
Event: 150.883 Thread 0x000000001c120800 Uncommon trap: reason=unstable_if action=reinterpret pc=0x0000000004d6b42c method=sun.util.calendar.BaseCalendar$Date.hit(J)Z @ 15
Event: 150.921 Thread 0x000000001c120800 Uncommon trap: reason=class_check action=maybe_recompile pc=0x0000000004a73578 method=java.security.MessageDigest$Delegate.engineUpdate(B)V @ 5
Event: 150.921 Thread 0x000000001c120800 Uncommon trap: reason=class_check action=maybe_recompile pc=0x0000000004a73578 method=java.security.MessageDigest$Delegate.engineUpdate(B)V @ 5
Event: 150.921 Thread 0x000000001c120800 Uncommon trap: reason=class_check action=maybe_recompile pc=0x0000000004a73578 method=java.security.MessageDigest$Delegate.engineUpdate(B)V @ 5
Event: 150.921 Thread 0x000000001c120800 Uncommon trap: reason=class_check action=maybe_recompile pc=0x0000000004a73578 method=java.security.MessageDigest$Delegate.engineUpdate(B)V @ 5
Event: 153.153 Thread 0x000000001c120800 Uncommon trap: reason=unstable_if action=reinterpret pc=0x0000000004d8702c method=java.util.GregorianCalendar.computeFields(II)I @ 223
Event: 153.154 Thread 0x000000001c120800 Uncommon trap: reason=unstable_if action=reinterpret pc=0x000000000420476c method=sun.util.calendar.ZoneInfo.getOffsets(J[II)I @ 4
Event: 153.158 Thread 0x000000001c120800 Uncommon trap: reason=unstable_if action=reinterpret pc=0x00000000046ac158 method=java.util.Calendar.getSetStateFields()I @ 19

Classes redefined (0 events):
No events

Internal exceptions (10 events):
Event: 41.733 Thread 0x000000001c11c000 Exception <a 'sun/nio/fs/WindowsException'> (0x00000000f58150a8) thrown at [C:\re\workspace\8-2-build-windows-amd64-cygwin\jdk8u172\10810\hotspot\src\share\vm\prims\jni.cpp, line 709]
Event: 41.733 Thread 0x000000001c11c000 Exception <a 'sun/nio/fs/WindowsException'> (0x00000000f5816288) thrown at [C:\re\workspace\8-2-build-windows-amd64-cygwin\jdk8u172\10810\hotspot\src\share\vm\prims\jni.cpp, line 709]
Event: 45.571 Thread 0x000000001dd17800 Implicit null exception at 0x0000000004457ffc to 0x0000000004458325
Event: 146.717 Thread 0x000000001c120800 Exception <a 'sun/nio/fs/WindowsException'> (0x00000000f5fad910) thrown at [C:\re\workspace\8-2-build-windows-amd64-cygwin\jdk8u172\10810\hotspot\src\share\vm\prims\jni.cpp, line 709]
Event: 146.718 Thread 0x000000001c120800 Exception <a 'sun/nio/fs/WindowsException'> (0x00000000f5faf4b0) thrown at [C:\re\workspace\8-2-build-windows-amd64-cygwin\jdk8u172\10810\hotspot\src\share\vm\prims\jni.cpp, line 709]
Event: 146.719 Thread 0x000000001c120800 Exception <a 'sun/nio/fs/WindowsException'> (0x00000000f5fb1050) thrown at [C:\re\workspace\8-2-build-windows-amd64-cygwin\jdk8u172\10810\hotspot\src\share\vm\prims\jni.cpp, line 709]
Event: 146.719 Thread 0x000000001c120800 Exception <a 'sun/nio/fs/WindowsException'> (0x00000000f5fb2be0) thrown at [C:\re\workspace\8-2-build-windows-amd64-cygwin\jdk8u172\10810\hotspot\src\share\vm\prims\jni.cpp, line 709]
Event: 149.576 Thread 0x000000001c120800 Implicit null exception at 0x0000000003821211 to 0x0000000003821381
Event: 150.307 Thread 0x000000001c120800 Exception <a 'java/net/UnknownHostException': nexus.gtnewhorizons.com> (0x00000000fb9da5a0) thrown at [C:\re\workspace\8-2-build-windows-amd64-cygwin\jdk8u172\10810\hotspot\src\share\vm\prims\jni.cpp, line 735]
Event: 153.154 Thread 0x000000001c120800 Implicit null exception at 0x000000000420441d to 0x000000000420474d

Events (10 events):
Event: 153.162 loading class org/gradle/internal/resource/transfer/ProgressLoggingExternalResourceAccessor$ReadOperationResult done
Event: 153.164 loading class org/gradle/internal/resource/ExternalResourceReadBuildOperationType$Result
Event: 153.164 loading class org/gradle/internal/resource/ExternalResourceReadBuildOperationType$Result done
Event: 153.166 Executing VM operation: RevokeBias
Event: 153.167 Executing VM operation: RevokeBias done
Event: 153.167 Thread 0x00000000165a0800 flushing nmethod 0x0000000003ac83d0
Event: 153.167 Thread 0x00000000165a0800 flushing nmethod 0x0000000003b1ccd0
Event: 153.167 Thread 0x00000000165a0800 flushing nmethod 0x0000000003b258d0
Event: 153.167 Thread 0x00000000165a0800 flushing nmethod 0x0000000003b3c810
Event: 153.168 Thread 0x00000000165a0800 flushing nmethod 0x0000000003bcc650


Dynamic libraries:
0x00007ff78d8a0000 - 0x00007ff78d8d7000 	C:\Program Files\Java\jdk1.8.0_172\bin\java.exe
0x00007ff8de870000 - 0x00007ff8dea68000 	C:\Windows\SYSTEM32\ntdll.dll
0x00007ff8ddcb0000 - 0x00007ff8ddd72000 	C:\Windows\System32\KERNEL32.DLL
0x00007ff8dc560000 - 0x00007ff8dc856000 	C:\Windows\System32\KERNELBASE.dll
0x00007ff877a00000 - 0x00007ff877aae000 	d:\Trae\resources\app\modules\sandbox\x64\trae_sbox.dll
0x00007ff8dcc80000 - 0x00007ff8dcd31000 	C:\Windows\System32\ADVAPI32.dll
0x00007ff8ddb30000 - 0x00007ff8ddbce000 	C:\Windows\System32\msvcrt.dll
0x00007ff8dc920000 - 0x00007ff8dc9bf000 	C:\Windows\System32\sechost.dll
0x00007ff8ddd90000 - 0x00007ff8ddeb0000 	C:\Windows\System32\RPCRT4.dll
0x00007ff8dc860000 - 0x00007ff8dc887000 	C:\Windows\System32\bcrypt.dll
0x00007ff8dd620000 - 0x00007ff8dd7c1000 	C:\Windows\System32\USER32.dll
0x00007ff8dc110000 - 0x00007ff8dc132000 	C:\Windows\System32\win32u.dll
0x00007ff8ddbd0000 - 0x00007ff8ddbfb000 	C:\Windows\System32\GDI32.dll
0x00007ff8dc440000 - 0x00007ff8dc559000 	C:\Windows\System32\gdi32full.dll
0x00007ff8dc240000 - 0x00007ff8dc2dd000 	C:\Windows\System32\msvcp_win.dll
0x00007ff8dc140000 - 0x00007ff8dc240000 	C:\Windows\System32\ucrtbase.dll
0x00007ff8c3af0000 - 0x00007ff8c3d8b000 	C:\Windows\WinSxS\amd64_microsoft.windows.common-controls_6595b64144ccf1df_6.0.19041.6456_none_60b8a6cb71f64256\COMCTL32.dll
0x00007ff881a00000 - 0x00007ff881a8f000 	d:\Trae\resources\app\modules\sandbox\x64\sbox_ipc.dll
0x00007ff8dc890000 - 0x00007ff8dc8bf000 	C:\Windows\System32\IMM32.DLL
0x00007ff8da3a0000 - 0x00007ff8da5a1000 	C:\Windows\SYSTEM32\dbghelp.dll
0x00007ff8d1ca0000 - 0x00007ff8d1cd4000 	C:\Windows\SYSTEM32\dbgcore.DLL
0x0000000065670000 - 0x0000000065742000 	C:\Program Files\Java\jdk1.8.0_172\jre\bin\msvcr100.dll
0x0000000064dc0000 - 0x0000000065663000 	C:\Program Files\Java\jdk1.8.0_172\jre\bin\server\jvm.dll
0x00007ff8dca50000 - 0x00007ff8dca58000 	C:\Windows\System32\PSAPI.DLL
0x00007ff8d5e20000 - 0x00007ff8d5e29000 	C:\Windows\SYSTEM32\WSOCK32.dll
0x00007ff8dcd40000 - 0x00007ff8dcdab000 	C:\Windows\System32\WS2_32.dll
0x00007ff8cf5f0000 - 0x00007ff8cf617000 	C:\Windows\SYSTEM32\WINMM.dll
0x00007ff8d4630000 - 0x00007ff8d463a000 	C:\Windows\SYSTEM32\VERSION.dll
0x0000000064db0000 - 0x0000000064dbf000 	C:\Program Files\Java\jdk1.8.0_172\jre\bin\verify.dll
0x0000000064d80000 - 0x0000000064da9000 	C:\Program Files\Java\jdk1.8.0_172\jre\bin\java.dll
0x00007ff8db320000 - 0x00007ff8db3ea000 	C:\Windows\SYSTEM32\dnsapi.dll
0x00007ff8db2e0000 - 0x00007ff8db31b000 	C:\Windows\SYSTEM32\IPHLPAPI.DLL
0x00007ff8ddd80000 - 0x00007ff8ddd88000 	C:\Windows\System32\NSI.dll
0x0000000064ce0000 - 0x0000000064d03000 	C:\Program Files\Java\jdk1.8.0_172\jre\bin\instrument.dll
0x0000000064d60000 - 0x0000000064d76000 	C:\Program Files\Java\jdk1.8.0_172\jre\bin\zip.dll
0x00007ff8de0c0000 - 0x00007ff8de830000 	C:\Windows\System32\SHELL32.dll
0x00007ff8d9b20000 - 0x00007ff8da2c5000 	C:\Windows\SYSTEM32\windows.storage.dll
0x00007ff8dd7d0000 - 0x00007ff8ddb24000 	C:\Windows\System32\combase.dll
0x00007ff8db8f0000 - 0x00007ff8db91b000 	C:\Windows\SYSTEM32\Wldp.dll
0x00007ff8dca60000 - 0x00007ff8dcb2d000 	C:\Windows\System32\OLEAUT32.dll
0x00007ff8dcee0000 - 0x00007ff8dcf8d000 	C:\Windows\System32\SHCORE.dll
0x00007ff8dc8c0000 - 0x00007ff8dc91b000 	C:\Windows\System32\shlwapi.dll
0x00007ff8dbdf0000 - 0x00007ff8dbe14000 	C:\Windows\SYSTEM32\profapi.dll
0x0000000064d40000 - 0x0000000064d5a000 	C:\Program Files\Java\jdk1.8.0_172\jre\bin\net.dll
0x00007ff8db650000 - 0x00007ff8db6ba000 	C:\Windows\system32\mswsock.dll
0x0000000064d20000 - 0x0000000064d31000 	C:\Program Files\Java\jdk1.8.0_172\jre\bin\nio.dll
0x00007ff8c2410000 - 0x00007ff8c2437000 	C:\Users\MECHREVO\.gradle\native\1def1411415f61bf3af743bc5b6707747c0891f09f0c88961ee8f79bc544acac\windows-amd64\native-platform.dll
0x00007ff8c0df0000 - 0x00007ff8c0e68000 	C:\Users\MECHREVO\.gradle\native\0.2.7\x86_64-windows-gnu\gradle-fileevents.dll
0x0000000064d10000 - 0x0000000064d1d000 	C:\Program Files\Java\jdk1.8.0_172\jre\bin\management.dll
0x00007ff8d82c0000 - 0x00007ff8d82d7000 	C:\Windows\SYSTEM32\dhcpcsvc6.DLL
0x00007ff8d82a0000 - 0x00007ff8d82bd000 	C:\Windows\SYSTEM32\dhcpcsvc.DLL
0x00007ff8dc080000 - 0x00007ff8dc102000 	C:\Windows\System32\bcryptPrimitives.dll
0x00007ff8db840000 - 0x00007ff8db858000 	C:\Windows\SYSTEM32\CRYPTSP.dll
0x00007ff8daf00000 - 0x00007ff8daf38000 	C:\Windows\system32\rsaenh.dll
0x00007ff8dbdb0000 - 0x00007ff8dbdde000 	C:\Windows\SYSTEM32\USERENV.dll
0x00007ff8db860000 - 0x00007ff8db86c000 	C:\Windows\SYSTEM32\CRYPTBASE.dll
0x00007ff8da6d0000 - 0x00007ff8da6e2000 	C:\Windows\SYSTEM32\kernel.appcore.dll
0x00007ff8d9390000 - 0x00007ff8d942e000 	C:\Windows\system32\uxtheme.dll
0x00007ff8ddc00000 - 0x00007ff8ddca9000 	C:\Windows\System32\clbcatq.dll
0x00007ff8dcdb0000 - 0x00007ff8dcedb000 	C:\Windows\System32\ole32.dll
0x00007ff8dbf00000 - 0x00007ff8dbf4e000 	C:\Windows\System32\CFGMGR32.dll
0x00007ff8d86f0000 - 0x00007ff8d87e4000 	C:\Windows\system32\propsys.dll
0x00007ff8db150000 - 0x00007ff8db183000 	C:\Windows\SYSTEM32\ntmarta.dll
0x00007ff8b51f0000 - 0x00007ff8b5254000 	C:\Windows\System32\Windows.FileExplorer.Common.dll
0x00007ff8d1280000 - 0x00007ff8d153f000 	C:\Windows\System32\iertutil.dll
0x00007ff8d1f60000 - 0x00007ff8d1f88000 	C:\Windows\System32\srvcli.dll
0x00007ff8db3f0000 - 0x00007ff8db3fc000 	C:\Windows\System32\netutils.dll
0x00007ff8ae440000 - 0x00007ff8ae462000 	C:\Windows\System32\cldapi.dll
0x00007ff8d1c50000 - 0x00007ff8d1c5b000 	C:\Windows\System32\FLTLIB.DLL
0x00007ff8dbd70000 - 0x00007ff8dbda2000 	C:\Windows\SYSTEM32\SspiCli.dll
0x00007ff8dcb30000 - 0x00007ff8dcba9000 	C:\Windows\System32\coml2.dll
0x0000000064cb0000 - 0x0000000064cd4000 	C:\Program Files\Java\jdk1.8.0_172\jre\bin\sunec.dll
0x0000000064ca0000 - 0x0000000064cab000 	C:\Program Files\Java\jdk1.8.0_172\jre\bin\sunmscapi.dll
0x00007ff8dc2e0000 - 0x00007ff8dc43d000 	C:\Windows\System32\CRYPT32.dll
0x00007ff8d58c0000 - 0x00007ff8d58ca000 	C:\Windows\System32\rasadhlp.dll
0x00007ff8d4930000 - 0x00007ff8d49b0000 	C:\Windows\System32\fwpuclnt.dll
0x00007ff8d84d0000 - 0x00007ff8d8564000 	C:\Windows\SYSTEM32\apphelp.dll
0x00007ff8723c0000 - 0x00007ff87254b000 	C:\ProgramData\123SyncCloud\shellext\MFCopyHook.dll
0x00007ff8a8970000 - 0x00007ff8a89ed000 	C:\Windows\system32\ntshrui.dll
0x00007ff867b50000 - 0x00007ff868d50000 	F:\WPS Office\12.1.0.25865\office6\qingnse64.dll
0x00007ff8c3d90000 - 0x00007ff8c3f38000 	C:\Windows\WinSxS\amd64_microsoft.windows.gdiplus_6595b64144ccf1df_1.1.19041.6456_none_91a399b0cc88bc24\gdiplus.dll
0x00007ff8ab7e0000 - 0x00007ff8ab9f5000 	F:\WPS Office\12.1.0.25865\office6\kbaseconfigcenter64.dll
0x00007ff8dd500000 - 0x00007ff8dd615000 	C:\Windows\System32\MSCTF.dll
0x00007ff8bb6a0000 - 0x00007ff8bb6b2000 	C:\Windows\SYSTEM32\cscapi.dll
0x00007ff8b59d0000 - 0x00007ff8b59dd000 	C:\Windows\SYSTEM32\LINKINFO.dll
0x00007ff8b50e0000 - 0x00007ff8b51a7000 	C:\Windows\system32\Windows.Storage.Search.dll
0x00007ff8ae3e0000 - 0x00007ff8ae404000 	C:\Windows\SYSTEM32\edputil.dll
0x00007ff8d2fd0000 - 0x00007ff8d2fed000 	C:\Windows\SYSTEM32\MPR.dll
0x00007ff8d6ff0000 - 0x00007ff8d6ffb000 	C:\Windows\System32\drprov.dll
0x00007ff8dab70000 - 0x00007ff8dabd3000 	C:\Windows\System32\WINSTA.dll
0x00007ff882510000 - 0x00007ff88252f000 	C:\Windows\System32\ntlanman.dll
0x00007ff8730d0000 - 0x00007ff8730ee000 	C:\Windows\System32\davclnt.dll
0x00007ff8d6fe0000 - 0x00007ff8d6fed000 	C:\Windows\System32\DAVHLPR.dll
0x00007ff8db020000 - 0x00007ff8db039000 	C:\Windows\System32\wkscli.dll

VM Arguments:
jvm_args: -XX:MaxMetaspaceSize=384m -XX:+HeapDumpOnOutOfMemoryError -Xms256m -Xmx512m -Dfile.encoding=GBK -Duser.country=CN -Duser.language=zh -Duser.variant -javaagent:C:\Users\MECHREVO\.gradle\wrapper\dists\gradle-8.13-bin\5xuhj0ry160q40clulazy9h7d\gradle-8.13\lib\agents\gradle-instrumentation-agent-8.13.jar 
java_command: org.gradle.launcher.daemon.bootstrap.GradleDaemon 8.13
java_class_path (initial): C:\Users\MECHREVO\.gradle\wrapper\dists\gradle-8.13-bin\5xuhj0ry160q40clulazy9h7d\gradle-8.13\lib\gradle-daemon-main-8.13.jar;C:\Users\MECHREVO\.gradle\wrapper\dists\gradle-8.13-bin\5xuhj0ry160q40clulazy9h7d\gradle-8.13\lib\agents\gradle-instrumentation-agent-8.13.jar
Launcher Type: SUN_STANDARD

Environment Variables:
JAVA_HOME=C:\Program Files\Java\jdk1.8.0_172
CLASSPATH=D:\MCHR\MCH-Reforged\\gradle\wrapper\gradle-wrapper.jar
PATH=C:\Program Files\Java\jdk1.8.0_172\bin;C:\Users\MECHREVO\.trae\tools\maven\latest\bin;C:\Users\MECHREVO\.trae\tools\gradle\latest\bin;c:\Users\MECHREVO\.trae\tools\trae-gopls\current;c:\Users\MECHREVO\.trae\sdks\workspaces\2f7f957d\versions\node\current;c:\Users\MECHREVO\.trae\sdks\versions\node\current;C:\Program Files\wkhtmltopdf\bin;C:\Users\MECHREVO\AppData\Local\Programs\Python\Python36\Scripts\;C:\Users\MECHREVO\AppData\Local\Programs\Python\Python36\;F:\py\Scripts\;F:\py\;C:\Users\MECHREVO\AppData\Local\Programs\Python\Launcher\;C:\Users\MECHREVO\AppData\Local\Microsoft\WindowsApps;F:\pycharm\PyCharm 2024.3.3\bin;;C:\Users\MECHREVO\go\bin;C:\Program Files\wkhtmltopdf\bin;C:\Program Files\Git\bin;C:\Program Files\Git\bin;C:\Program Files\Java\jre1.8.0_301\bin;C:\Program Files\Java\jre1.8.0_301\jre\bin;;c:\Users\MECHREVO\.trae\extensions\vscjava.vscode-java-debug-0.59.0-universal\bundled\scripts\noConfigScripts
USERNAME=MECHREVO
OS=Windows_NT
PROCESSOR_IDENTIFIER=Intel64 Family 6 Model 154 Stepping 3, GenuineIntel



---------------  S Y S T E M  ---------------

OS: Windows 10.0 , 64 bit Build 19041 (10.0.19041.5915)

CPU:total 12 (initial active 12) (6 cores per cpu, 2 threads per core) family 6 model 154 stepping 3, cmov, cx8, fxsr, mmx, sse, sse2, sse3, ssse3, sse4.1, sse4.2, popcnt, avx, avx2, aes, clmul, erms, 3dnowpref, lzcnt, ht, tsc, tscinvbit, bmi1, bmi2, adx

Memory: 4k page, physical 16515256k(739968k free), swap 50339504k(0k free)

vm_info: Java HotSpot(TM) 64-Bit Server VM (25.172-b11) for windows-amd64 JRE (1.8.0_172-b11), built on Mar 28 2018 21:21:52 by "java_re" with MS VC++ 10.0 (VS2010)

time: Sat Apr 25 19:23:48 2026
elapsed time: 153 seconds (0d 0h 2m 33s)

