[2026-04-19 23:02:26.394][CLIENT] scan slot=18655 acId=196 name=mcheli.MCH.E.Plane cand=5 alt=1 range=1 azPass=0 elPass=0 prob=0 hit=0 cache=0 az=140.0 el=140.0 mode=AIRCRAFT/FULL tick=10 hold=80 p=0.90 min=50.0 max=2000.0 minAlt=25.0 search=TWS trkAz=139.0 trkEl=139.0 sel=42504 trk=-1 drop=42504 cd=0 cfgCd=40
[2026-04-19 23:02:26.947][CLIENT] scan slot=18656 acId=196 name=mcheli.MCH.E.Plane cand=5 alt=1 range=1 azPass=0 elPass=0 prob=0 hit=0 cache=0 az=140.0 el=140.0 mode=AIRCRAFT/FULL tick=10 hold=80 p=0.90 min=50.0 max=2000.0 minAlt=25.0 search=TWS trkAz=139.0 trkEl=139.0 sel=42504 trk=-1 drop=42504 cd=0 cfgCd=40
[2026-04-19 23:02:27.441][CLIENT] scan slot=18657 acId=196 name=mcheli.MCH.E.Plane cand=5 alt=1 range=1 azPass=0 elPass=0 prob=0 hit=0 cache=0 az=140.0 el=140.0 mode=AIRCRAFT/FULL tick=10 hold=80 p=0.90 min=50.0 max=2000.0 minAlt=25.0 search=TWS trkAz=139.0 trkEl=139.0 sel=42504 trk=-1 drop=42504 cd=0 cfgCd=40
[2026-04-19 23:02:27.944][CLIENT] scan slot=18658 acId=196 name=mcheli.MCH.E.Plane cand=5 alt=1 range=1 azPass=0 elPass=0 prob=0 hit=0 cache=0 az=140.0 el=140.0 mode=AIRCRAFT/FULL tick=10 hold=80 p=0.90 min=50.0 max=2000.0 minAlt=25.0 search=TWS trkAz=139.0 trkEl=139.0 sel=42504 trk=-1 drop=42504 cd=0 cfgCd=40
[2026-04-19 23:02:28.436][CLIENT] scan slot=18659 acId=196 name=mcheli.MCH.E.Plane cand=5 alt=1 range=1 azPass=0 elPass=0 prob=0 hit=0 cache=0 az=140.0 el=140.0 mode=AIRCRAFT/FULL tick=10 hold=80 p=0.90 min=50.0 max=2000.0 minAlt=25.0 search=TWS trkAz=139.0 trkEl=139.0 sel=42504 trk=-1 drop=42504 cd=0 cfgCd=40
[2026-04-19 23:02:28.939][CLIENT] scan slot=18660 acId=196 name=mcheli.MCH.E.Plane cand=5 alt=1 range=1 azPass=0 elPass=0 prob=0 hit=0 cache=0 az=140.0 el=140.0 mode=AIRCRAFT/FULL tick=10 hold=80 p=0.90 min=50.0 max=2000.0 minAlt=25.0 search=TWS trkAz=139.0 trkEl=139.0 sel=42504 trk=-1 drop=42504 cd=0 cfgCd=40
[2026-04-19 23:02:29.438][CLIENT] scan slot=18661 acId=196 name=mcheli.MCH.E.Plane cand=5 alt=1 range=1 azPass=0 elPass=0 prob=0 hit=0 cache=0 az=140.0 el=140.0 mode=AIRCRAFT/FULL tick=10 hold=80 p=0.90 min=50.0 max=2000.0 minAlt=25.0 search=TWS trkAz=139.0 trkEl=139.0 sel=42504 trk=-1 drop=42504 cd=0 cfgCd=40
[2026-04-19 23:02:29.944][CLIENT] scan slot=18662 acId=196 name=mcheli.MCH.E.Plane cand=4 alt=1 range=1 azPass=0 elPass=0 prob=0 hit=0 cache=0 az=140.0 el=140.0 mode=AIRCRAFT/FULL tick=10 hold=80 p=0.90 min=50.0 max=2000.0 minAlt=25.0 search=TWS trkAz=139.0 trkEl=139.0 sel=42504 trk=-1 drop=42504 cd=0 cfgCd=40
[2026-04-19 23:02:30.445][CLIENT] scan slot=18663 acId=196 name=mcheli.MCH.E.Plane cand=4 alt=1 range=1 azPass=0 elPass=0 prob=0 hit=0 cache=0 az=140.0 el=140.0 mode=AIRCRAFT/FULL tick=10 hold=80 p=0.90 min=50.0 max=2000.0 minAlt=25.0 search=TWS trkAz=139.0 trkEl=139.0 sel=42504 trk=-1 drop=42504 cd=0 cfgCd=40
[2026-04-19 23:02:30.939][CLIENT] scan slot=18664 acId=196 name=mcheli.MCH.E.Plane cand=4 alt=1 range=1 azPass=0 elPass=0 prob=0 hit=0 cache=0 az=140.0 el=140.0 mode=AIRCRAFT/FULL tick=10 hold=80 p=0.90 min=50.0 max=2000.0 minAlt=25.0 search=TWS trkAz=139.0 trkEl=139.0 sel=42504 trk=-1 drop=42504 cd=0 cfgCd=40
[2026-04-19 23:02:31.442][CLIENT] scan slot=18665 acId=196 name=mcheli.MCH.E.Plane cand=4 alt=1 range=1 azPass=0 elPass=0 prob=0 hit=0 cache=0 az=140.0 el=140.0 mode=AIRCRAFT/FULL tick=10 hold=80 p=0.90 min=50.0 max=2000.0 minAlt=25.0 search=TWS trkAz=139.0 trkEl=139.0 sel=42504 trk=-1 drop=42504 cd=0 cfgCd=40
[2026-04-19 23:02:31.884][CLIENT] scan slot=18666 acId=196 name=mcheli.MCH.E.Plane cand=3 alt=1 range=1 azPass=0 elPass=0 prob=0 hit=0 cache=0 az=140.0 el=140.0 mode=AIRCRAFT/FULL tick=10 hold=80 p=0.90 min=50.0 max=2000.0 minAlt=25.0 search=TWS trkAz=139.0 trkEl=139.0 sel=42504 trk=-1 drop=42504 cd=0 cfgCd=40
[2026-04-19 23:02:32.393][CLIENT] scan slot=18667 acId=196 name=mcheli.MCH.E.Plane cand=3 alt=1 range=1 azPass=1 elPass=1 prob=0 hit=0 cache=0 az=140.0 el=140.0 mode=AIRCRAFT/FULL tick=10 hold=80 p=0.90 min=50.0 max=2000.0 minAlt=25.0 search=TWS trkAz=139.0 trkEl=139.0 sel=42504 trk=-1 drop=42504 cd=0 cfgCd=40
[2026-04-19 23:02:32.949][CLIENT] scan slot=18668 acId=196 name=mcheli.MCH.E.Plane cand=3 alt=1 range=1 azPass=1 elPass=1 prob=0 hit=0 cache=0 az=140.0 el=140.0 mode=AIRCRAFT/FULL tick=10 hold=80 p=0.90 min=50.0 max=2000.0 minAlt=25.0 search=TWS trkAz=139.0 trkEl=139.0 sel=42504 trk=-1 drop=42504 cd=0 cfgCd=40
[2026-04-19 23:02:33.439][CLIENT] scan slot=18669 acId=196 name=mcheli.MCH.E.Plane cand=3 alt=1 range=1 azPass=1 elPass=1 prob=1 hit=1 cache=1 az=140.0 el=140.0 mode=AIRCRAFT/FULL tick=10 hold=80 p=0.90 min=50.0 max=2000.0 minAlt=25.0 search=TWS trkAz=139.0 trkEl=139.0 sel=42504 trk=-1 drop=42504 cd=0 cfgCd=40
[2026-04-19 23:02:33.883][CLIENT] select acId=196 selected=42504 list=1 drop=42504 cd=0
[2026-04-19 23:02:33.932][CLIENT] scan slot=18670 acId=196 name=mcheli.MCH.E.Plane cand=3 alt=1 range=1 azPass=1 elPass=1 prob=1 hit=1 cache=1 az=140.0 el=140.0 mode=AIRCRAFT/FULL tick=10 hold=80 p=0.90 min=50.0 max=2000.0 minAlt=25.0 search=TWS trkAz=139.0 trkEl=139.0 sel=42504 trk=-1 drop=42504 cd=0 cfgCd=40
[2026-04-19 23:02:34.438][CLIENT] scan slot=18671 acId=196 name=mcheli.MCH.E.Plane cand=3 alt=1 range=1 azPass=1 elPass=1 prob=0 hit=0 cache=1 az=140.0 el=140.0 mode=AIRCRAFT/FULL tick=10 hold=80 p=0.90 min=50.0 max=2000.0 minAlt=25.0 search=TWS trkAz=139.0 trkEl=139.0 sel=42504 trk=-1 drop=42504 cd=0 cfgCd=40
[2026-04-19 23:02:34.933][CLIENT] scan slot=18672 acId=196 name=mcheli.MCH.E.Plane cand=3 alt=1 range=1 azPass=1 elPass=1 prob=1 hit=1 cache=1 az=140.0 el=140.0 mode=AIRCRAFT/FULL tick=10 hold=80 p=0.90 min=50.0 max=2000.0 minAlt=25.0 search=TWS trkAz=139.0 trkEl=139.0 sel=42504 trk=-1 drop=42504 cd=0 cfgCd=40
[2026-04-19 23:02:35.122][CLIENT] track toggle acId=196 target=42504 reason=LOCK_ON
[2026-04-19 23:02:35.176][CLIENT] track toggle acId=196 reason=TOGGLE_COOLDOWN remain=9
[2026-04-19 23:02:35.444][CLIENT] scan slot=18673 acId=196 name=mcheli.MCH.E.Plane cand=3 alt=1 range=1 azPass=1 elPass=1 prob=1 hit=1 cache=1 az=140.0 el=140.0 mode=AIRCRAFT/FULL tick=10 hold=80 p=0.90 min=50.0 max=2000.0 minAlt=25.0 search=TWS trkAz=139.0 trkEl=139.0 sel=42504 trk=42504 drop=42504 cd=0 cfgCd=40
[2026-04-19 23:02:35.937][CLIENT] scan slot=18674 acId=196 name=mcheli.MCH.E.Plane cand=3 alt=1 range=1 azPass=1 elPass=1 prob=1 hit=1 cache=1 az=140.0 el=140.0 mode=AIRCRAFT/FULL tick=10 hold=80 p=0.90 min=50.0 max=2000.0 minAlt=25.0 search=TWS trkAz=139.0 trkEl=139.0 sel=42504 trk=42504 drop=42504 cd=0 cfgCd=40
[2026-04-19 23:02:36.445][CLIENT] scan slot=18675 acId=196 name=mcheli.MCH.E.Plane cand=3 alt=1 range=1 azPass=1 elPass=1 prob=1 hit=1 cache=1 az=140.0 el=140.0 mode=AIRCRAFT/FULL tick=10 hold=80 p=0.90 min=50.0 max=2000.0 minAlt=25.0 search=TWS trkAz=139.0 trkEl=139.0 sel=42504 trk=42504 drop=42504 cd=0 cfgCd=40
[2026-04-19 23:02:36.889][CLIENT] scan slot=18676 acId=196 name=mcheli.MCH.E.Plane cand=3 alt=1 range=1 azPass=1 elPass=1 prob=0 hit=0 cache=1 az=140.0 el=140.0 mode=AIRCRAFT/FULL tick=10 hold=80 p=0.90 min=50.0 max=2000.0 minAlt=25.0 search=TWS trkAz=139.0 trkEl=139.0 sel=42504 trk=42504 drop=42504 cd=0 cfgCd=40
[2026-04-19 23:02:37.394][CLIENT] scan slot=18677 acId=196 name=mcheli.MCH.E.Plane cand=3 alt=1 range=1 azPass=1 elPass=1 prob=0 hit=0 cache=1 az=140.0 el=140.0 mode=AIRCRAFT/FULL tick=10 hold=80 p=0.90 min=50.0 max=2000.0 minAlt=25.0 search=TWS trkAz=139.0 trkEl=139.0 sel=42504 trk=42504 drop=42504 cd=0 cfgCd=40
[2026-04-19 23:02:37.943][CLIENT] scan slot=18678 acId=196 name=mcheli.MCH.E.Plane cand=3 alt=1 range=1 azPass=1 elPass=1 prob=1 hit=1 cache=1 az=140.0 el=140.0 mode=AIRCRAFT/FULL tick=10 hold=80 p=0.90 min=50.0 max=2000.0 minAlt=25.0 search=TWS trkAz=139.0 trkEl=139.0 sel=42504 trk=42504 drop=42504 cd=0 cfgCd=40
[2026-04-19 23:02:38.432][CLIENT] scan slot=18679 acId=196 name=mcheli.MCH.E.Plane cand=3 alt=1 range=1 azPass=1 elPass=1 prob=1 hit=1 cache=1 az=140.0 el=140.0 mode=AIRCRAFT/FULL tick=10 hold=80 p=0.90 min=50.0 max=2000.0 minAlt=25.0 search=TWS trkAz=139.0 trkEl=139.0 sel=42504 trk=42504 drop=42504 cd=0 cfgCd=40
[2026-04-19 23:02:38.944][CLIENT] scan slot=18680 acId=196 name=mcheli.MCH.E.Plane cand=3 alt=1 range=1 azPass=1 elPass=1 prob=1 hit=1 cache=1 az=140.0 el=140.0 mode=AIRCRAFT/FULL tick=10 hold=80 p=0.90 min=50.0 max=2000.0 minAlt=25.0 search=TWS trkAz=139.0 trkEl=139.0 sel=42504 trk=42504 drop=42504 cd=0 cfgCd=40
[2026-04-19 23:02:39.439][CLIENT] scan slot=18681 acId=196 name=mcheli.MCH.E.Plane cand=3 alt=1 range=1 azPass=1 elPass=1 prob=1 hit=1 cache=1 az=140.0 el=140.0 mode=AIRCRAFT/FULL tick=10 hold=80 p=0.90 min=50.0 max=2000.0 minAlt=25.0 search=TWS trkAz=139.0 trkEl=139.0 sel=42504 trk=42504 drop=42504 cd=0 cfgCd=40
[2026-04-19 23:02:39.938][CLIENT] scan slot=18682 acId=196 name=mcheli.MCH.E.Plane cand=4 alt=2 range=2 azPass=2 elPass=2 prob=1 hit=1 cache=1 az=140.0 el=140.0 mode=AIRCRAFT/FULL tick=10 hold=80 p=0.90 min=50.0 max=2000.0 minAlt=25.0 search=TWS trkAz=139.0 trkEl=139.0 sel=42504 trk=42504 drop=42504 cd=0 cfgCd=40
[2026-04-19 23:02:40.448][CLIENT] scan slot=18683 acId=196 name=mcheli.MCH.E.Plane cand=5 alt=2 range=2 azPass=2 elPass=2 prob=1 hit=1 cache=1 az=140.0 el=140.0 mode=AIRCRAFT/FULL tick=10 hold=80 p=0.90 min=50.0 max=2000.0 minAlt=25.0 search=TWS trkAz=139.0 trkEl=139.0 sel=42504 trk=42504 drop=42504 cd=0 cfgCd=40
[2026-04-19 23:02:40.890][CLIENT] scan slot=18684 acId=196 name=mcheli.MCH.E.Plane cand=6 alt=2 range=2 azPass=2 elPass=2 prob=2 hit=2 cache=2 az=140.0 el=140.0 mode=AIRCRAFT/FULL tick=10 hold=80 p=0.90 min=50.0 max=2000.0 minAlt=25.0 search=TWS trkAz=139.0 trkEl=139.0 sel=42504 trk=42504 drop=42504 cd=0 cfgCd=40
[2026-04-19 23:02:41.396][CLIENT] scan slot=18685 acId=196 name=mcheli.MCH.E.Plane cand=6 alt=2 range=2 azPass=2 elPass=2 prob=0 hit=0 cache=2 az=140.0 el=140.0 mode=AIRCRAFT/FULL tick=10 hold=80 p=0.90 min=50.0 max=2000.0 minAlt=25.0 search=TWS trkAz=139.0 trkEl=139.0 sel=42504 trk=42504 drop=42504 cd=0 cfgCd=40
[2026-04-19 23:02:41.895][CLIENT] scan slot=18686 acId=196 name=mcheli.MCH.E.Plane cand=7 alt=2 range=2 azPass=2 elPass=2 prob=1 hit=1 cache=2 az=140.0 el=140.0 mode=AIRCRAFT/FULL tick=10 hold=80 p=0.90 min=50.0 max=2000.0 minAlt=25.0 search=TWS trkAz=139.0 trkEl=139.0 sel=42504 trk=42504 drop=42504 cd=0 cfgCd=40
[2026-04-19 23:02:42.396][CLIENT] scan slot=18687 acId=196 name=mcheli.MCH.E.Plane cand=8 alt=2 range=2 azPass=2 elPass=2 prob=1 hit=1 cache=2 az=140.0 el=140.0 mode=AIRCRAFT/FULL tick=10 hold=80 p=0.90 min=50.0 max=2000.0 minAlt=25.0 search=TWS trkAz=139.0 trkEl=139.0 sel=42504 trk=42504 drop=42504 cd=0 cfgCd=40
[2026-04-19 23:02:42.894][CLIENT] scan slot=18688 acId=196 name=mcheli.MCH.E.Plane cand=8 alt=2 range=2 azPass=2 elPass=2 prob=0 hit=0 cache=2 az=140.0 el=140.0 mode=AIRCRAFT/FULL tick=10 hold=80 p=0.90 min=50.0 max=2000.0 minAlt=25.0 search=TWS trkAz=139.0 trkEl=139.0 sel=42504 trk=42504 drop=42504 cd=0 cfgCd=40
[2026-04-19 23:02:43.410][CLIENT] track drop acId=196 target=42504 reason=AZIMUTH_EXCEEDED
[2026-04-19 23:02:43.411][CLIENT] scan slot=18689 acId=196 name=mcheli.MCH.E.Plane cand=10 alt=3 range=3 azPass=2 elPass=2 prob=0 hit=0 cache=2 az=140.0 el=140.0 mode=AIRCRAFT/FULL tick=10 hold=80 p=0.90 min=50.0 max=2000.0 minAlt=25.0 search=TWS trkAz=139.0 trkEl=139.0 sel=42504 trk=-1 drop=42504 cd=0 cfgCd=40
[2026-04-19 23:02:43.891][CLIENT] scan slot=18690 acId=196 name=mcheli.MCH.E.Plane cand=9 alt=2 range=2 azPass=1 elPass=1 prob=0 hit=0 cache=1 az=140.0 el=140.0 mode=AIRCRAFT/FULL tick=10 hold=80 p=0.90 min=50.0 max=2000.0 minAlt=25.0 search=TWS trkAz=139.0 trkEl=139.0 sel=42504 trk=-1 drop=42504 cd=0 cfgCd=40
[2026-04-19 23:02:44.399][CLIENT] scan slot=18691 acId=196 name=mcheli.MCH.E.Plane cand=10 alt=2 range=2 azPass=1 elPass=1 prob=0 hit=0 cache=1 az=140.0 el=140.0 mode=AIRCRAFT/FULL tick=10 hold=80 p=0.90 min=50.0 max=2000.0 minAlt=25.0 search=TWS trkAz=139.0 trkEl=139.0 sel=42504 trk=-1 drop=42504 cd=0 cfgCd=40
[2026-04-19 23:02:44.946][CLIENT] scan slot=18692 acId=196 name=mcheli.MCH.E.Plane cand=12 alt=2 range=2 azPass=1 elPass=1 prob=0 hit=0 cache=1 az=140.0 el=140.0 mode=AIRCRAFT/FULL tick=10 hold=80 p=0.90 min=50.0 max=2000.0 minAlt=25.0 search=TWS trkAz=139.0 trkEl=139.0 sel=42504 trk=-1 drop=42504 cd=0 cfgCd=40
[2026-04-19 23:02:45.443][CLIENT] scan slot=18693 acId=196 name=mcheli.MCH.E.Plane cand=12 alt=2 range=2 azPass=1 elPass=1 prob=1 hit=1 cache=2 az=140.0 el=140.0 mode=AIRCRAFT/FULL tick=10 hold=80 p=0.90 min=50.0 max=2000.0 minAlt=25.0 search=TWS trkAz=139.0 trkEl=139.0 sel=42504 trk=-1 drop=42504 cd=0 cfgCd=40
[2026-04-19 23:02:45.841][CLIENT] select acId=196 selected=454781 list=2 drop=42504 cd=40
[2026-04-19 23:02:45.952][CLIENT] scan slot=18694 acId=196 name=mcheli.MCH.E.Plane cand=12 alt=2 range=2 azPass=1 elPass=1 prob=0 hit=0 cache=1 az=140.0 el=140.0 mode=AIRCRAFT/FULL tick=10 hold=80 p=0.90 min=50.0 max=2000.0 minAlt=25.0 search=TWS trkAz=139.0 trkEl=139.0 sel=454781 trk=-1 drop=42504 cd=37 cfgCd=40
[2026-04-19 23:02:46.457][CLIENT] scan slot=18695 acId=196 name=mcheli.MCH.E.Plane cand=12 alt=2 range=2 azPass=1 elPass=1 prob=1 hit=1 cache=1 az=140.0 el=140.0 mode=AIRCRAFT/FULL tick=10 hold=80 p=0.90 min=50.0 max=2000.0 minAlt=25.0 search=TWS trkAz=139.0 trkEl=139.0 sel=454781 trk=-1 drop=42504 cd=27 cfgCd=40
[2026-04-19 23:02:46.886][CLIENT] select acId=196 selected=454781 list=1 drop=42504 cd=19
[2026-04-19 23:02:46.950][CLIENT] scan slot=18696 acId=196 name=mcheli.MCH.E.Plane cand=12 alt=2 range=2 azPass=1 elPass=1 prob=1 hit=1 cache=1 az=140.0 el=140.0 mode=AIRCRAFT/FULL tick=10 hold=80 p=0.90 min=50.0 max=2000.0 minAlt=25.0 search=TWS trkAz=139.0 trkEl=139.0 sel=454781 trk=-1 drop=42504 cd=17 cfgCd=40
[2026-04-19 23:02:47.180][CLIENT] select acId=196 selected=454781 list=1 drop=42504 cd=13
[2026-04-19 23:02:47.459][CLIENT] scan slot=18697 acId=196 name=mcheli.MCH.E.Plane cand=12 alt=3 range=3 azPass=2 elPass=2 prob=1 hit=1 cache=1 az=140.0 el=140.0 mode=AIRCRAFT/FULL tick=10 hold=80 p=0.90 min=50.0 max=2000.0 minAlt=25.0 search=TWS trkAz=139.0 trkEl=139.0 sel=454781 trk=-1 drop=42504 cd=7 cfgCd=40
[2026-04-19 23:02:47.952][CLIENT] scan slot=18698 acId=196 name=mcheli.MCH.E.Plane cand=12 alt=3 range=3 azPass=2 elPass=2 prob=1 hit=1 cache=1 az=140.0 el=140.0 mode=AIRCRAFT/FULL tick=10 hold=80 p=0.90 min=50.0 max=2000.0 minAlt=25.0 search=TWS trkAz=139.0 trkEl=139.0 sel=454781 trk=-1 drop=42504 cd=0 cfgCd=40
[2026-04-19 23:02:48.022][CLIENT] select acId=196 selected=454781 list=1 drop=42504 cd=0
[2026-04-19 23:02:48.458][CLIENT] scan slot=18699 acId=196 name=mcheli.MCH.E.Plane cand=10 alt=3 range=3 azPass=2 elPass=2 prob=1 hit=1 cache=1 az=140.0 el=140.0 mode=AIRCRAFT/FULL tick=10 hold=80 p=0.90 min=50.0 max=2000.0 minAlt=25.0 search=TWS trkAz=139.0 trkEl=139.0 sel=454781 trk=-1 drop=42504 cd=0 cfgCd=40
[2026-04-19 23:02:48.959][CLIENT] scan slot=18700 acId=196 name=mcheli.MCH.E.Plane cand=11 alt=4 range=4 azPass=3 elPass=3 prob=2 hit=2 cache=2 az=140.0 el=140.0 mode=AIRCRAFT/FULL tick=10 hold=80 p=0.90 min=50.0 max=2000.0 minAlt=25.0 search=TWS trkAz=139.0 trkEl=139.0 sel=454781 trk=-1 drop=42504 cd=0 cfgCd=40
[2026-04-19 23:02:49.043][CLIENT] select acId=196 selected=431879 list=2 drop=454781 cd=40
[2026-04-19 23:02:49.455][CLIENT] scan slot=18701 acId=196 name=mcheli.MCH.E.Plane cand=11 alt=4 range=4 azPass=3 elPass=3 prob=1 hit=1 cache=2 az=140.0 el=140.0 mode=AIRCRAFT/FULL tick=10 hold=80 p=0.90 min=50.0 max=2000.0 minAlt=25.0 search=TWS trkAz=139.0 trkEl=139.0 sel=431879 trk=-1 drop=454781 cd=31 cfgCd=40
[2026-04-19 23:02:49.958][CLIENT] scan slot=18702 acId=196 name=mcheli.MCH.E.Plane cand=11 alt=4 range=4 azPass=3 elPass=3 prob=3 hit=3 cache=3 az=140.0 el=140.0 mode=AIRCRAFT/FULL tick=10 hold=80 p=0.90 min=50.0 max=2000.0 minAlt=25.0 search=TWS trkAz=139.0 trkEl=139.0 sel=431879 trk=-1 drop=454781 cd=21 cfgCd=40
[2026-04-19 23:02:50.447][CLIENT] scan slot=18703 acId=196 name=mcheli.MCH.E.Plane cand=11 alt=4 range=4 azPass=3 elPass=3 prob=2 hit=2 cache=3 az=140.0 el=140.0 mode=AIRCRAFT/FULL tick=10 hold=80 p=0.90 min=50.0 max=2000.0 minAlt=25.0 search=TWS trkAz=139.0 trkEl=139.0 sel=431879 trk=-1 drop=454781 cd=11 cfgCd=40
[2026-04-19 23:02:50.637][CLIENT] track toggle acId=196 target=431879 reason=LOCK_ON
[2026-04-19 23:02:50.691][CLIENT] track toggle acId=196 reason=TOGGLE_COOLDOWN remain=9
[2026-04-19 23:02:50.718][CLIENT] track toggle acId=196 reason=TOGGLE_COOLDOWN remain=8
[2026-04-19 23:02:50.965][CLIENT] scan slot=18704 acId=196 name=mcheli.MCH.E.Plane cand=11 alt=4 range=4 azPass=3 elPass=3 prob=0 hit=0 cache=3 az=140.0 el=140.0 mode=AIRCRAFT/FULL tick=10 hold=80 p=0.90 min=50.0 max=2000.0 minAlt=25.0 search=TWS trkAz=139.0 trkEl=139.0 sel=431879 trk=431879 drop=454781 cd=1 cfgCd=40
[2026-04-19 23:02:51.455][CLIENT] scan slot=18705 acId=196 name=mcheli.MCH.E.Plane cand=11 alt=4 range=4 azPass=3 elPass=3 prob=1 hit=1 cache=3 az=140.0 el=140.0 mode=AIRCRAFT/FULL tick=10 hold=80 p=0.90 min=50.0 max=2000.0 minAlt=25.0 search=TWS trkAz=139.0 trkEl=139.0 sel=431879 trk=431879 drop=454781 cd=0 cfgCd=40
[2026-04-19 23:02:51.957][CLIENT] track drop acId=196 target=431879 reason=ELEVATION_EXCEEDED
[2026-04-19 23:02:51.957][CLIENT] scan slot=18706 acId=196 name=mcheli.MCH.E.Plane cand=10 alt=3 range=3 azPass=2 elPass=2 prob=1 hit=1 cache=3 az=140.0 el=140.0 mode=AIRCRAFT/FULL tick=10 hold=80 p=0.90 min=50.0 max=2000.0 minAlt=25.0 search=TWS trkAz=139.0 trkEl=139.0 sel=431879 trk=-1 drop=454781 cd=0 cfgCd=40
[2026-04-19 23:02:52.458][CLIENT] scan slot=18707 acId=196 name=mcheli.MCH.E.Plane cand=10 alt=3 range=3 azPass=2 elPass=2 prob=0 hit=0 cache=3 az=140.0 el=140.0 mode=AIRCRAFT/FULL tick=10 hold=80 p=0.90 min=50.0 max=2000.0 minAlt=25.0 search=TWS trkAz=139.0 trkEl=139.0 sel=431879 trk=-1 drop=454781 cd=0 cfgCd=40
[2026-04-19 23:02:52.961][CLIENT] scan slot=18708 acId=196 name=mcheli.MCH.E.Plane cand=11 alt=4 range=4 azPass=2 elPass=2 prob=1 hit=1 cache=3 az=140.0 el=140.0 mode=AIRCRAFT/FULL tick=10 hold=80 p=0.90 min=50.0 max=2000.0 minAlt=25.0 search=TWS trkAz=139.0 trkEl=139.0 sel=431879 trk=-1 drop=454781 cd=0 cfgCd=40
[2026-04-19 23:02:53.458][CLIENT] scan slot=18709 acId=196 name=mcheli.MCH.E.Plane cand=12 alt=5 range=5 azPass=3 elPass=3 prob=1 hit=1 cache=4 az=140.0 el=140.0 mode=AIRCRAFT/FULL tick=10 hold=80 p=0.90 min=50.0 max=2000.0 minAlt=25.0 search=TWS trkAz=139.0 trkEl=139.0 sel=431879 trk=-1 drop=454781 cd=0 cfgCd=40
[2026-04-19 23:02:53.911][CLIENT] scan slot=18710 acId=196 name=mcheli.MCH.E.Plane cand=12 alt=5 range=5 azPass=3 elPass=3 prob=0 hit=0 cache=3 az=140.0 el=140.0 mode=AIRCRAFT/FULL tick=10 hold=80 p=0.90 min=50.0 max=2000.0 minAlt=25.0 search=TWS trkAz=139.0 trkEl=139.0 sel=431879 trk=-1 drop=454781 cd=0 cfgCd=40
[2026-04-19 23:02:54.418][CLIENT] scan slot=18711 acId=196 name=mcheli.MCH.E.Plane cand=11 alt=4 range=4 azPass=1 elPass=1 prob=0 hit=0 cache=2 az=140.0 el=140.0 mode=AIRCRAFT/FULL tick=10 hold=80 p=0.90 min=50.0 max=2000.0 minAlt=25.0 search=TWS trkAz=139.0 trkEl=139.0 sel=431879 trk=-1 drop=454781 cd=0 cfgCd=40
[2026-04-19 23:02:54.957][CLIENT] scan slot=18712 acId=196 name=mcheli.MCH.E.Plane cand=11 alt=4 range=4 azPass=1 elPass=1 prob=0 hit=0 cache=2 az=140.0 el=140.0 mode=AIRCRAFT/FULL tick=10 hold=80 p=0.90 min=50.0 max=2000.0 minAlt=25.0 search=TWS trkAz=139.0 trkEl=139.0 sel=431879 trk=-1 drop=454781 cd=0 cfgCd=40
[2026-04-19 23:02:55.076][CLIENT] select acId=196 selected=471572 list=2 drop=431879 cd=40
[2026-04-19 23:02:55.447][CLIENT] scan slot=18713 acId=196 name=mcheli.MCH.E.Plane cand=12 alt=5 range=5 azPass=1 elPass=1 prob=0 hit=0 cache=2 az=140.0 el=140.0 mode=AIRCRAFT/FULL tick=10 hold=80 p=0.90 min=50.0 max=2000.0 minAlt=25.0 search=TWS trkAz=139.0 trkEl=139.0 sel=471572 trk=-1 drop=431879 cd=32 cfgCd=40
[2026-04-19 23:02:55.962][CLIENT] scan slot=18714 acId=196 name=mcheli.MCH.E.Plane cand=11 alt=4 range=4 azPass=1 elPass=1 prob=0 hit=0 cache=1 az=140.0 el=140.0 mode=AIRCRAFT/FULL tick=10 hold=80 p=0.90 min=50.0 max=2000.0 minAlt=25.0 search=TWS trkAz=139.0 trkEl=139.0 sel=471572 trk=-1 drop=431879 cd=22 cfgCd=40
[2026-04-19 23:02:56.455][CLIENT] scan slot=18715 acId=196 name=mcheli.MCH.E.Plane cand=10 alt=3 range=3 azPass=0 elPass=0 prob=0 hit=0 cache=0 az=140.0 el=140.0 mode=AIRCRAFT/FULL tick=10 hold=80 p=0.90 min=50.0 max=2000.0 minAlt=25.0 search=TWS trkAz=139.0 trkEl=139.0 sel=471572 trk=-1 drop=431879 cd=12 cfgCd=40
[2026-04-19 23:02:56.945][CLIENT] scan slot=18716 acId=196 name=mcheli.MCH.E.Plane cand=12 alt=4 range=4 azPass=1 elPass=1 prob=0 hit=0 cache=0 az=140.0 el=140.0 mode=AIRCRAFT/FULL tick=10 hold=80 p=0.90 min=50.0 max=2000.0 minAlt=25.0 search=TWS trkAz=139.0 trkEl=139.0 sel=-1 trk=-1 drop=431879 cd=2 cfgCd=40
[2026-04-19 23:02:57.443][CLIENT] scan slot=18717 acId=196 name=mcheli.MCH.E.Plane cand=12 alt=4 range=4 azPass=1 elPass=1 prob=1 hit=1 cache=1 az=140.0 el=140.0 mode=AIRCRAFT/FULL tick=10 hold=80 p=0.90 min=50.0 max=2000.0 minAlt=25.0 search=TWS trkAz=139.0 trkEl=139.0 sel=-1 trk=-1 drop=431879 cd=0 cfgCd=40
[2026-04-19 23:02:57.939][CLIENT] scan slot=18718 acId=196 name=mcheli.MCH.E.Plane cand=12 alt=4 range=4 azPass=1 elPass=1 prob=0 hit=0 cache=1 az=140.0 el=140.0 mode=AIRCRAFT/FULL tick=10 hold=80 p=0.90 min=50.0 max=2000.0 minAlt=25.0 search=TWS trkAz=139.0 trkEl=139.0 sel=-1 trk=-1 drop=431879 cd=0 cfgCd=40
[2026-04-19 23:02:58.025][CLIENT] select acId=196 selected=471572 list=1 drop=431879 cd=0
[2026-04-19 23:02:58.441][CLIENT] scan slot=18719 acId=196 name=mcheli.MCH.E.Plane cand=11 alt=4 range=4 azPass=1 elPass=1 prob=1 hit=1 cache=1 az=140.0 el=140.0 mode=AIRCRAFT/FULL tick=10 hold=80 p=0.90 min=50.0 max=2000.0 minAlt=25.0 search=TWS trkAz=139.0 trkEl=139.0 sel=471572 trk=-1 drop=431879 cd=0 cfgCd=40
[2026-04-19 23:02:58.629][CLIENT] track toggle acId=196 target=471572 reason=LOCK_ON
[2026-04-19 23:02:58.671][CLIENT] track toggle acId=196 reason=TOGGLE_COOLDOWN remain=9
[2026-04-19 23:02:58.736][CLIENT] track toggle acId=196 reason=TOGGLE_COOLDOWN remain=8
[2026-04-19 23:02:58.945][CLIENT] scan slot=18720 acId=196 name=mcheli.MCH.E.Plane cand=11 alt=4 range=4 azPass=1 elPass=1 prob=1 hit=1 cache=1 az=140.0 el=140.0 mode=AIRCRAFT/FULL tick=10 hold=80 p=0.90 min=50.0 max=2000.0 minAlt=25.0 search=TWS trkAz=139.0 trkEl=139.0 sel=471572 trk=471572 drop=431879 cd=0 cfgCd=40
[2026-04-19 23:02:59.455][CLIENT] scan slot=18721 acId=196 name=mcheli.MCH.E.Plane cand=11 alt=4 range=4 azPass=1 elPass=1 prob=1 hit=1 cache=1 az=140.0 el=140.0 mode=AIRCRAFT/FULL tick=10 hold=80 p=0.90 min=50.0 max=2000.0 minAlt=25.0 search=TWS trkAz=139.0 trkEl=139.0 sel=471572 trk=471572 drop=431879 cd=0 cfgCd=40
[2026-04-19 23:02:59.943][CLIENT] scan slot=18722 acId=196 name=mcheli.MCH.E.Plane cand=9 alt=3 range=3 azPass=1 elPass=1 prob=0 hit=0 cache=1 az=140.0 el=140.0 mode=AIRCRAFT/FULL tick=10 hold=80 p=0.90 min=50.0 max=2000.0 minAlt=25.0 search=TWS trkAz=139.0 trkEl=139.0 sel=471572 trk=471572 drop=431879 cd=0 cfgCd=40
[2026-04-19 23:03:00.448][CLIENT] track drop acId=196 target=471572 reason=AZIMUTH_EXCEEDED
[2026-04-19 23:03:00.449][CLIENT] scan slot=18723 acId=196 name=mcheli.MCH.E.Plane cand=10 alt=4 range=4 azPass=0 elPass=0 prob=0 hit=0 cache=1 az=140.0 el=140.0 mode=AIRCRAFT/FULL tick=10 hold=80 p=0.90 min=50.0 max=2000.0 minAlt=25.0 search=TWS trkAz=139.0 trkEl=139.0 sel=471572 trk=-1 drop=431879 cd=0 cfgCd=40
[2026-04-19 23:03:00.940][CLIENT] scan slot=18724 acId=196 name=mcheli.MCH.E.Plane cand=10 alt=4 range=4 azPass=0 elPass=0 prob=0 hit=0 cache=1 az=140.0 el=140.0 mode=AIRCRAFT/FULL tick=10 hold=80 p=0.90 min=50.0 max=2000.0 minAlt=25.0 search=TWS trkAz=139.0 trkEl=139.0 sel=471572 trk=-1 drop=431879 cd=0 cfgCd=40
[2026-04-19 23:03:01.448][CLIENT] scan slot=18725 acId=196 name=mcheli.MCH.E.Plane cand=9 alt=3 range=3 azPass=0 elPass=0 prob=0 hit=0 cache=1 az=140.0 el=140.0 mode=AIRCRAFT/FULL tick=10 hold=80 p=0.90 min=50.0 max=2000.0 minAlt=25.0 search=TWS trkAz=139.0 trkEl=139.0 sel=471572 trk=-1 drop=431879 cd=0 cfgCd=40
[2026-04-19 23:03:01.943][CLIENT] scan slot=18726 acId=196 name=mcheli.MCH.E.Plane cand=9 alt=3 range=3 azPass=0 elPass=0 prob=0 hit=0 cache=1 az=140.0 el=140.0 mode=AIRCRAFT/FULL tick=10 hold=80 p=0.90 min=50.0 max=2000.0 minAlt=25.0 search=TWS trkAz=139.0 trkEl=139.0 sel=471572 trk=-1 drop=431879 cd=0 cfgCd=40
[2026-04-19 23:03:02.448][CLIENT] scan slot=18727 acId=196 name=mcheli.MCH.E.Plane cand=9 alt=3 range=3 azPass=0 elPass=0 prob=0 hit=0 cache=1 az=140.0 el=140.0 mode=AIRCRAFT/FULL tick=10 hold=80 p=0.90 min=50.0 max=2000.0 minAlt=25.0 search=TWS trkAz=139.0 trkEl=139.0 sel=471572 trk=-1 drop=431879 cd=0 cfgCd=40
